[?7h[255D[40m

[0;1m[17C[0;1;36mﬂ‹    ﬂ‹ €   ﬂ€‹   ﬂ‹  ‹ﬂﬂﬂ‹   ‹ﬂﬂﬂ‹[7C[0;32m [D
[18C[1;36m€[5C€  €   € €   € €[7C€[12C€
[18C€  €  €  €   €  €  € €   ‹‹ﬂ  ﬂﬂ‹‹  [0;30m˛    [32m€±€
[18C[1;36m€ € € €  €   €   € € €  ﬂ €[7C€   [37m [D[0;32m€≤≤±≤≤€[1;37m [D
[17C[36m‹€ﬂ   €ﬂ  ﬂ‹ ‹ﬂ   ﬂ‹ﬂ ﬂ‹‹‹‹ﬂ  ﬂ‹‹‹‹ﬂ[6C[0;32m≤±≤   [30mccccc
[27C[1;33m|[30C[0;32m≤≤€≤≤
[23C[1;33m|[36C [D[9C[0;30mc
[59C[1;33m [D[0;31m [D[1;33m [D
[23C|   |[31C [D[0;31m [D [D
[25C[37m [D[34C[1;33m [D
[23C| [36m€ [33m|[33C[37m [D
[23C[33m [D[0m€±€[1;33m [D[33C [D
[21C[37m [D[0m€≤≤±≤≤€[1m [D[27C[0m [D   [31m [D
[24C[37m≤±≤[30C[1;36m€
[23C[0m≤≤€≤≤    [30mc[23C[37m€±€
[25C[1;33m [D[27C[37m [D[0m€≤≤±≤≤€
[25C[31m [D[1;33m [D[29C[0m≤±≤   [30mc
[55C[37m≤≤€≤≤
[57C[1;33m [D
[55C [D[0;31m [D [D[1;33m [D
[55C [D[0;31m [D[1;33m [D [D[0m[255D